// Jest Snapshot v1, https://goo.gl/fbAQLP

exports[`Form renders correctly renders components correctly 1`] = `[Function]`;
